// Jest Snapshot v1, https://goo.gl/fbAQLP

exports[`<Main /> should render the heading 1`] = `
.c0 {
  background: red;
}

<main
  class="c0"
>
  <h1>
    React Avan√ßado 3
  </h1>
</main>
`;
